// Jest Snapshot v1, https://goo.gl/fbAQLP

exports[`Pipe Stack does synth 1`] = `
Object {
  "Parameters": Object {
    "BootstrapVersion": Object {
      "Default": "/cdk-bootstrap/hnb659fds/version",
      "Description": "Version of the CDK Bootstrap resources in this environment, automatically retrieved from SSM Parameter Store. [cdk:skip]",
      "Type": "AWS::SSM::Parameter::Value<String>",
    },
  },
  "Resources": Object {
    "testlambdaC73320F8": Object {
      "DependsOn": Array [
        "testlambdaServiceRole28D9F97A",
      ],
      "Properties": Object {
        "Code": Object {
          "ZipFile": "exports.handler = async (event) => { return event; };",
        },
        "Handler": "index.handler",
        "Role": Object {
          "Fn::GetAtt": Array [
            "testlambdaServiceRole28D9F97A",
            "Arn",
          ],
        },
        "Runtime": "nodejs18.x",
      },
      "Type": "AWS::Lambda::Function",
    },
    "testlambdaServiceRole28D9F97A": Object {
      "Properties": Object {
        "AssumeRolePolicyDocument": Object {
          "Statement": Array [
            Object {
              "Action": "sts:AssumeRole",
              "Effect": "Allow",
              "Principal": Object {
                "Service": "lambda.amazonaws.com",
              },
            },
          ],
          "Version": "2012-10-17",
        },
        "ManagedPolicyArns": Array [
          Object {
            "Fn::Join": Array [
              "",
              Array [
                "arn:",
                Object {
                  "Ref": "AWS::Partition",
                },
                ":iam::aws:policy/service-role/AWSLambdaBasicExecutionRole",
              ],
            ],
          },
        ],
      },
      "Type": "AWS::IAM::Role",
    },
    "testpipeEBFCD55C": Object {
      "Properties": Object {
        "Description": "test-pipe",
        "Enrichment": Object {
          "Fn::GetAtt": Array [
            "testlambdaC73320F8",
            "Arn",
          ],
        },
        "EnrichmentParameters": Object {
          "InputTemplate": "{\\"foo\\":\\"bar\\"}",
        },
        "RoleArn": Object {
          "Fn::GetAtt": Array [
            "testpipeRole4CA84261",
            "Arn",
          ],
        },
        "Source": Object {
          "Fn::GetAtt": Array [
            "testsourcequeueDAC45857",
            "Arn",
          ],
        },
        "SourceParameters": Object {
          "FilterCriteria": Object {
            "Filters": Array [
              Object {
                "Pattern": "{\\"foo\\":\\"bar\\"}",
              },
              Object {
                "Pattern": "{\\"md5OfBody\\":\\"string\\",\\"body\\":{\\"foo\\":\\"bar\\"}}",
              },
            ],
          },
        },
        "Target": Object {
          "Fn::GetAtt": Array [
            "testtargetqueue960B8186",
            "Arn",
          ],
        },
        "TargetParameters": Object {
          "SqsQueueParameters": Object {},
        },
      },
      "Type": "AWS::Pipes::Pipe",
    },
    "testpipeRole4CA84261": Object {
      "Properties": Object {
        "AssumeRolePolicyDocument": Object {
          "Statement": Array [
            Object {
              "Action": "sts:AssumeRole",
              "Effect": "Allow",
              "Principal": Object {
                "Service": "pipes.amazonaws.com",
              },
            },
          ],
          "Version": "2012-10-17",
        },
      },
      "Type": "AWS::IAM::Role",
    },
    "testpipeRoleDefaultPolicyC6480FD6": Object {
      "Properties": Object {
        "PolicyDocument": Object {
          "Statement": Array [
            Object {
              "Action": Array [
                "sqs:ReceiveMessage",
                "sqs:ChangeMessageVisibility",
                "sqs:GetQueueUrl",
                "sqs:DeleteMessage",
                "sqs:GetQueueAttributes",
              ],
              "Effect": "Allow",
              "Resource": Object {
                "Fn::GetAtt": Array [
                  "testsourcequeueDAC45857",
                  "Arn",
                ],
              },
            },
            Object {
              "Action": Array [
                "sqs:SendMessage",
                "sqs:GetQueueAttributes",
                "sqs:GetQueueUrl",
              ],
              "Effect": "Allow",
              "Resource": Object {
                "Fn::GetAtt": Array [
                  "testtargetqueue960B8186",
                  "Arn",
                ],
              },
            },
          ],
          "Version": "2012-10-17",
        },
        "PolicyName": "testpipeRoleDefaultPolicyC6480FD6",
        "Roles": Array [
          Object {
            "Ref": "testpipeRole4CA84261",
          },
        ],
      },
      "Type": "AWS::IAM::Policy",
    },
    "testsourcequeueDAC45857": Object {
      "DeletionPolicy": "Delete",
      "Type": "AWS::SQS::Queue",
      "UpdateReplacePolicy": "Delete",
    },
    "testtargetqueue960B8186": Object {
      "DeletionPolicy": "Delete",
      "Type": "AWS::SQS::Queue",
      "UpdateReplacePolicy": "Delete",
    },
  },
  "Rules": Object {
    "CheckBootstrapVersion": Object {
      "Assertions": Array [
        Object {
          "Assert": Object {
            "Fn::Not": Array [
              Object {
                "Fn::Contains": Array [
                  Array [
                    "1",
                    "2",
                    "3",
                    "4",
                    "5",
                  ],
                  Object {
                    "Ref": "BootstrapVersion",
                  },
                ],
              },
            ],
          },
          "AssertDescription": "CDK bootstrap stack version 6 required. Please run 'cdk bootstrap' with a recent version of the CDK CLI.",
        },
      ],
    },
  },
}
`;
